[2024-09-17T22:44:59.719+0000][gc,init] CardTable entry size: 512
[2024-09-17T22:44:59.719+0000][gc     ] Using G1
[2024-09-17T22:44:59.733+0000][gc,init] Version: 21.0.4+7-LTS (release)
[2024-09-17T22:44:59.733+0000][gc,init] CPUs: 2 total, 2 available
[2024-09-17T22:44:59.733+0000][gc,init] Memory: 7929M
[2024-09-17T22:44:59.733+0000][gc,init] Large Page Support: Disabled
[2024-09-17T22:44:59.733+0000][gc,init] NUMA Support: Disabled
[2024-09-17T22:44:59.733+0000][gc,init] Compressed Oops: Enabled (32-bit)
[2024-09-17T22:44:59.733+0000][gc,init] Heap Region Size: 1M
[2024-09-17T22:44:59.733+0000][gc,init] Heap Min Capacity: 1G
[2024-09-17T22:44:59.733+0000][gc,init] Heap Initial Capacity: 1G
[2024-09-17T22:44:59.733+0000][gc,init] Heap Max Capacity: 1G
[2024-09-17T22:44:59.733+0000][gc,init] Pre-touch: Disabled
[2024-09-17T22:44:59.733+0000][gc,init] Parallel Workers: 2
[2024-09-17T22:44:59.733+0000][gc,init] Concurrent Workers: 1
[2024-09-17T22:44:59.733+0000][gc,init] Concurrent Refinement Workers: 2
[2024-09-17T22:44:59.733+0000][gc,init] Periodic GC: Disabled
[2024-09-17T22:44:59.743+0000][gc,metaspace] CDS archive(s) mapped at: [0x000073b03f000000-0x000073b03fcae000-0x000073b03fcae000), size 13295616, SharedBaseAddress: 0x000073b03f000000, ArchiveRelocationMode: 1.
[2024-09-17T22:44:59.743+0000][gc,metaspace] Compressed class space mapped at: 0x000073b040000000-0x000073b080000000, reserved size: 1073741824
[2024-09-17T22:44:59.743+0000][gc,metaspace] Narrow klass base: 0x000073b03f000000, Narrow klass shift: 0, Narrow klass range: 0x100000000
[2024-09-17T22:45:01.148+0000][gc,start    ] GC(0) Pause Young (Normal) (G1 Evacuation Pause)
[2024-09-17T22:45:01.148+0000][gc,task     ] GC(0) Using 2 workers of 2 for evacuation
[2024-09-17T22:45:01.156+0000][gc,phases   ] GC(0)   Pre Evacuate Collection Set: 0.2ms
[2024-09-17T22:45:01.157+0000][gc,phases   ] GC(0)   Merge Heap Roots: 0.1ms
[2024-09-17T22:45:01.157+0000][gc,phases   ] GC(0)   Evacuate Collection Set: 7.9ms
[2024-09-17T22:45:01.157+0000][gc,phases   ] GC(0)   Post Evacuate Collection Set: 0.5ms
[2024-09-17T22:45:01.157+0000][gc,phases   ] GC(0)   Other: 0.2ms
[2024-09-17T22:45:01.157+0000][gc,heap     ] GC(0) Eden regions: 51->0(44)
[2024-09-17T22:45:01.157+0000][gc,heap     ] GC(0) Survivor regions: 0->7(7)
[2024-09-17T22:45:01.157+0000][gc,heap     ] GC(0) Old regions: 2->3
[2024-09-17T22:45:01.157+0000][gc,heap     ] GC(0) Humongous regions: 0->0
[2024-09-17T22:45:01.157+0000][gc,metaspace] GC(0) Metaspace: 18110K(18304K)->18110K(18304K) NonClass: 15837K(15936K)->15837K(15936K) Class: 2273K(2368K)->2273K(2368K)
[2024-09-17T22:45:01.157+0000][gc          ] GC(0) Pause Young (Normal) (G1 Evacuation Pause) 52M->8M(1024M) 9.474ms
[2024-09-17T22:45:01.157+0000][gc,cpu      ] GC(0) User=0.01s Sys=0.00s Real=0.01s
[2024-09-17T22:45:01.398+0000][gc,start    ] GC(1) Pause Young (Concurrent Start) (Metadata GC Threshold)
[2024-09-17T22:45:01.398+0000][gc,task     ] GC(1) Using 2 workers of 2 for evacuation
[2024-09-17T22:45:01.410+0000][gc,phases   ] GC(1)   Pre Evacuate Collection Set: 0.2ms
[2024-09-17T22:45:01.410+0000][gc,phases   ] GC(1)   Merge Heap Roots: 0.0ms
[2024-09-17T22:45:01.410+0000][gc,phases   ] GC(1)   Evacuate Collection Set: 11.1ms
[2024-09-17T22:45:01.410+0000][gc,phases   ] GC(1)   Post Evacuate Collection Set: 0.5ms
[2024-09-17T22:45:01.410+0000][gc,phases   ] GC(1)   Other: 0.2ms
[2024-09-17T22:45:01.410+0000][gc,heap     ] GC(1) Eden regions: 13->0(49)
[2024-09-17T22:45:01.410+0000][gc,heap     ] GC(1) Survivor regions: 7->2(7)
[2024-09-17T22:45:01.410+0000][gc,heap     ] GC(1) Old regions: 3->11
[2024-09-17T22:45:01.410+0000][gc,heap     ] GC(1) Humongous regions: 0->0
[2024-09-17T22:45:01.411+0000][gc,metaspace] GC(1) Metaspace: 21288K(21504K)->21288K(21504K) NonClass: 18529K(18624K)->18529K(18624K) Class: 2758K(2880K)->2758K(2880K)
[2024-09-17T22:45:01.411+0000][gc          ] GC(1) Pause Young (Concurrent Start) (Metadata GC Threshold) 21M->10M(1024M) 12.437ms
[2024-09-17T22:45:01.411+0000][gc,cpu      ] GC(1) User=0.01s Sys=0.01s Real=0.01s
[2024-09-17T22:45:01.419+0000][gc          ] GC(2) Concurrent Mark Cycle
[2024-09-17T22:45:01.419+0000][gc,marking  ] GC(2) Concurrent Scan Root Regions
[2024-09-17T22:45:01.424+0000][gc,marking  ] GC(2) Concurrent Scan Root Regions 5.003ms
[2024-09-17T22:45:01.424+0000][gc,marking  ] GC(2) Concurrent Mark
[2024-09-17T22:45:01.424+0000][gc,marking  ] GC(2) Concurrent Mark From Roots
[2024-09-17T22:45:01.424+0000][gc,task     ] GC(2) Using 1 workers of 1 for marking
[2024-09-17T22:45:01.428+0000][gc,marking  ] GC(2) Concurrent Mark From Roots 4.554ms
[2024-09-17T22:45:01.430+0000][gc,marking  ] GC(2) Concurrent Preclean
[2024-09-17T22:45:01.430+0000][gc,marking  ] GC(2) Concurrent Preclean 0.025ms
[2024-09-17T22:45:01.444+0000][gc,start    ] GC(2) Pause Remark
[2024-09-17T22:45:01.455+0000][gc          ] GC(2) Pause Remark 11M->11M(1024M) 11.118ms
[2024-09-17T22:45:01.456+0000][gc,cpu      ] GC(2) User=0.01s Sys=0.00s Real=0.02s
[2024-09-17T22:45:01.456+0000][gc,marking  ] GC(2) Concurrent Mark 32.458ms
[2024-09-17T22:45:01.456+0000][gc,marking  ] GC(2) Concurrent Rebuild Remembered Sets and Scrub Regions
[2024-09-17T22:45:01.460+0000][gc,marking  ] GC(2) Concurrent Rebuild Remembered Sets and Scrub Regions 3.753ms
[2024-09-17T22:45:01.461+0000][gc,start    ] GC(2) Pause Cleanup
[2024-09-17T22:45:01.461+0000][gc          ] GC(2) Pause Cleanup 11M->11M(1024M) 0.251ms
[2024-09-17T22:45:01.461+0000][gc,cpu      ] GC(2) User=0.00s Sys=0.00s Real=0.00s
[2024-09-17T22:45:01.461+0000][gc,marking  ] GC(2) Concurrent Clear Claimed Marks
[2024-09-17T22:45:01.461+0000][gc,marking  ] GC(2) Concurrent Clear Claimed Marks 0.046ms
[2024-09-17T22:45:01.461+0000][gc,marking  ] GC(2) Concurrent Cleanup for Next Mark
[2024-09-17T22:45:01.510+0000][gc,marking  ] GC(2) Concurrent Cleanup for Next Mark 48.592ms
[2024-09-17T22:45:01.510+0000][gc          ] GC(2) Concurrent Mark Cycle 91.207ms
[2024-09-17T22:45:02.829+0000][gc,start    ] GC(3) Pause Young (Prepare Mixed) (G1 Evacuation Pause)
[2024-09-17T22:45:02.829+0000][gc,task     ] GC(3) Using 2 workers of 2 for evacuation
[2024-09-17T22:45:02.840+0000][gc,phases   ] GC(3)   Pre Evacuate Collection Set: 0.2ms
[2024-09-17T22:45:02.840+0000][gc,phases   ] GC(3)   Merge Heap Roots: 0.1ms
[2024-09-17T22:45:02.841+0000][gc,phases   ] GC(3)   Evacuate Collection Set: 8.0ms
[2024-09-17T22:45:02.841+0000][gc,phases   ] GC(3)   Post Evacuate Collection Set: 3.0ms
[2024-09-17T22:45:02.841+0000][gc,phases   ] GC(3)   Other: 0.2ms
[2024-09-17T22:45:02.841+0000][gc,heap     ] GC(3) Eden regions: 49->0(44)
[2024-09-17T22:45:02.841+0000][gc,heap     ] GC(3) Survivor regions: 2->7(7)
[2024-09-17T22:45:02.841+0000][gc,heap     ] GC(3) Old regions: 11->11
[2024-09-17T22:45:02.841+0000][gc,heap     ] GC(3) Humongous regions: 129->129
[2024-09-17T22:45:02.841+0000][gc,metaspace] GC(3) Metaspace: 33080K(33344K)->33080K(33344K) NonClass: 29143K(29312K)->29143K(29312K) Class: 3936K(4032K)->3936K(4032K)
[2024-09-17T22:45:02.841+0000][gc          ] GC(3) Pause Young (Prepare Mixed) (G1 Evacuation Pause) 188M->144M(1024M) 12.188ms
[2024-09-17T22:45:02.841+0000][gc,cpu      ] GC(3) User=0.02s Sys=0.00s Real=0.01s
[2024-09-17T22:45:03.192+0000][gc,start    ] GC(4) Pause Young (Mixed) (Metadata GC Threshold)
[2024-09-17T22:45:03.192+0000][gc,task     ] GC(4) Using 2 workers of 2 for evacuation
[2024-09-17T22:45:03.203+0000][gc,phases   ] GC(4)   Pre Evacuate Collection Set: 0.3ms
[2024-09-17T22:45:03.203+0000][gc,phases   ] GC(4)   Merge Heap Roots: 0.0ms
[2024-09-17T22:45:03.203+0000][gc,phases   ] GC(4)   Evacuate Collection Set: 10.3ms
[2024-09-17T22:45:03.204+0000][gc,phases   ] GC(4)   Post Evacuate Collection Set: 0.6ms
[2024-09-17T22:45:03.204+0000][gc,phases   ] GC(4)   Other: 0.2ms
[2024-09-17T22:45:03.204+0000][gc,heap     ] GC(4) Eden regions: 13->0(49)
[2024-09-17T22:45:03.204+0000][gc,heap     ] GC(4) Survivor regions: 7->2(7)
[2024-09-17T22:45:03.204+0000][gc,heap     ] GC(4) Old regions: 11->16
[2024-09-17T22:45:03.204+0000][gc,heap     ] GC(4) Humongous regions: 129->129
[2024-09-17T22:45:03.204+0000][gc,metaspace] GC(4) Metaspace: 36022K(36288K)->36022K(36288K) NonClass: 31758K(31936K)->31758K(31936K) Class: 4264K(4352K)->4264K(4352K)
[2024-09-17T22:45:03.204+0000][gc          ] GC(4) Pause Young (Mixed) (Metadata GC Threshold) 157M->146M(1024M) 12.093ms
[2024-09-17T22:45:03.204+0000][gc,cpu      ] GC(4) User=0.02s Sys=0.00s Real=0.01s
[2024-09-17T22:45:03.235+0000][gc,start    ] GC(5) Pause Young (Concurrent Start) (Metadata GC Threshold)
[2024-09-17T22:45:03.235+0000][gc,task     ] GC(5) Using 2 workers of 2 for evacuation
[2024-09-17T22:45:03.237+0000][gc,phases   ] GC(5)   Pre Evacuate Collection Set: 0.3ms
[2024-09-17T22:45:03.237+0000][gc,phases   ] GC(5)   Merge Heap Roots: 0.0ms
[2024-09-17T22:45:03.237+0000][gc,phases   ] GC(5)   Evacuate Collection Set: 1.3ms
[2024-09-17T22:45:03.238+0000][gc,phases   ] GC(5)   Post Evacuate Collection Set: 0.3ms
[2024-09-17T22:45:03.238+0000][gc,phases   ] GC(5)   Other: 0.2ms
[2024-09-17T22:45:03.238+0000][gc,heap     ] GC(5) Eden regions: 3->0(50)
[2024-09-17T22:45:03.238+0000][gc,heap     ] GC(5) Survivor regions: 2->1(7)
[2024-09-17T22:45:03.238+0000][gc,heap     ] GC(5) Old regions: 16->16
[2024-09-17T22:45:03.238+0000][gc,heap     ] GC(5) Humongous regions: 129->129
[2024-09-17T22:45:03.238+0000][gc,metaspace] GC(5) Metaspace: 36379K(36608K)->36379K(36608K) NonClass: 32053K(32192K)->32053K(32192K) Class: 4325K(4416K)->4325K(4416K)
[2024-09-17T22:45:03.238+0000][gc          ] GC(5) Pause Young (Concurrent Start) (Metadata GC Threshold) 148M->145M(1024M) 3.101ms
[2024-09-17T22:45:03.238+0000][gc,cpu      ] GC(5) User=0.00s Sys=0.00s Real=0.00s
[2024-09-17T22:45:03.238+0000][gc          ] GC(6) Concurrent Mark Cycle
[2024-09-17T22:45:03.238+0000][gc,marking  ] GC(6) Concurrent Scan Root Regions
[2024-09-17T22:45:03.239+0000][gc,marking  ] GC(6) Concurrent Scan Root Regions 1.020ms
[2024-09-17T22:45:03.239+0000][gc,marking  ] GC(6) Concurrent Mark
[2024-09-17T22:45:03.239+0000][gc,marking  ] GC(6) Concurrent Mark From Roots
[2024-09-17T22:45:03.239+0000][gc,task     ] GC(6) Using 1 workers of 1 for marking
[2024-09-17T22:45:03.281+0000][gc,marking  ] GC(6) Concurrent Mark From Roots 41.523ms
[2024-09-17T22:45:03.281+0000][gc,marking  ] GC(6) Concurrent Preclean
[2024-09-17T22:45:03.281+0000][gc,marking  ] GC(6) Concurrent Preclean 0.191ms
[2024-09-17T22:45:03.283+0000][gc,start    ] GC(6) Pause Remark
[2024-09-17T22:45:03.287+0000][gc          ] GC(6) Pause Remark 146M->146M(1024M) 4.006ms
[2024-09-17T22:45:03.287+0000][gc,cpu      ] GC(6) User=0.01s Sys=0.00s Real=0.01s
[2024-09-17T22:45:03.288+0000][gc,marking  ] GC(6) Concurrent Mark 48.273ms
[2024-09-17T22:45:03.288+0000][gc,marking  ] GC(6) Concurrent Rebuild Remembered Sets and Scrub Regions
[2024-09-17T22:45:03.303+0000][gc,marking  ] GC(6) Concurrent Rebuild Remembered Sets and Scrub Regions 15.225ms
[2024-09-17T22:45:03.303+0000][gc,start    ] GC(6) Pause Cleanup
[2024-09-17T22:45:03.303+0000][gc          ] GC(6) Pause Cleanup 147M->147M(1024M) 0.266ms
[2024-09-17T22:45:03.303+0000][gc,cpu      ] GC(6) User=0.00s Sys=0.00s Real=0.00s
[2024-09-17T22:45:03.304+0000][gc,marking  ] GC(6) Concurrent Clear Claimed Marks
[2024-09-17T22:45:03.304+0000][gc,marking  ] GC(6) Concurrent Clear Claimed Marks 0.044ms
[2024-09-17T22:45:03.304+0000][gc,marking  ] GC(6) Concurrent Cleanup for Next Mark
[2024-09-17T22:45:03.306+0000][gc,marking  ] GC(6) Concurrent Cleanup for Next Mark 2.645ms
[2024-09-17T22:45:03.306+0000][gc          ] GC(6) Concurrent Mark Cycle 68.103ms
[2024-09-17T22:55:39.155+0000][gc,start    ] GC(7) Pause Young (Prepare Mixed) (G1 Evacuation Pause)
[2024-09-17T22:55:39.155+0000][gc,task     ] GC(7) Using 2 workers of 2 for evacuation
[2024-09-17T22:55:39.162+0000][gc,phases   ] GC(7)   Pre Evacuate Collection Set: 0.3ms
[2024-09-17T22:55:39.162+0000][gc,phases   ] GC(7)   Merge Heap Roots: 0.1ms
[2024-09-17T22:55:39.162+0000][gc,phases   ] GC(7)   Evacuate Collection Set: 6.7ms
[2024-09-17T22:55:39.162+0000][gc,phases   ] GC(7)   Post Evacuate Collection Set: 0.7ms
[2024-09-17T22:55:39.162+0000][gc,phases   ] GC(7)   Other: 0.1ms
[2024-09-17T22:55:39.162+0000][gc,heap     ] GC(7) Eden regions: 50->0(46)
[2024-09-17T22:55:39.162+0000][gc,heap     ] GC(7) Survivor regions: 1->5(7)
[2024-09-17T22:55:39.163+0000][gc,heap     ] GC(7) Old regions: 16->16
[2024-09-17T22:55:39.163+0000][gc,heap     ] GC(7) Humongous regions: 129->129
[2024-09-17T22:55:39.163+0000][gc,metaspace] GC(7) Metaspace: 43219K(43840K)->43219K(43840K) NonClass: 37779K(38144K)->37779K(38144K) Class: 5439K(5696K)->5439K(5696K)
[2024-09-17T22:55:39.163+0000][gc          ] GC(7) Pause Young (Prepare Mixed) (G1 Evacuation Pause) 195M->148M(1024M) 8.067ms
[2024-09-17T22:55:39.163+0000][gc,cpu      ] GC(7) User=0.01s Sys=0.00s Real=0.00s
