[2024-09-17T22:44:30.926+0000][gc,init] CardTable entry size: 512
[2024-09-17T22:44:30.926+0000][gc     ] Using G1
[2024-09-17T22:44:30.932+0000][gc,init] Version: 21.0.4+7-LTS (release)
[2024-09-17T22:44:30.932+0000][gc,init] CPUs: 2 total, 2 available
[2024-09-17T22:44:30.932+0000][gc,init] Memory: 7929M
[2024-09-17T22:44:30.932+0000][gc,init] Large Page Support: Disabled
[2024-09-17T22:44:30.932+0000][gc,init] NUMA Support: Disabled
[2024-09-17T22:44:30.932+0000][gc,init] Compressed Oops: Enabled (32-bit)
[2024-09-17T22:44:30.932+0000][gc,init] Heap Region Size: 1M
[2024-09-17T22:44:30.932+0000][gc,init] Heap Min Capacity: 512M
[2024-09-17T22:44:30.932+0000][gc,init] Heap Initial Capacity: 512M
[2024-09-17T22:44:30.932+0000][gc,init] Heap Max Capacity: 512M
[2024-09-17T22:44:30.932+0000][gc,init] Pre-touch: Disabled
[2024-09-17T22:44:30.932+0000][gc,init] Parallel Workers: 2
[2024-09-17T22:44:30.932+0000][gc,init] Concurrent Workers: 1
[2024-09-17T22:44:30.932+0000][gc,init] Concurrent Refinement Workers: 2
[2024-09-17T22:44:30.932+0000][gc,init] Periodic GC: Disabled
[2024-09-17T22:44:30.939+0000][gc,metaspace] CDS archive(s) mapped at: [0x000074899b000000-0x000074899bcae000-0x000074899bcae000), size 13295616, SharedBaseAddress: 0x000074899b000000, ArchiveRelocationMode: 1.
[2024-09-17T22:44:30.939+0000][gc,metaspace] Compressed class space mapped at: 0x000074899c000000-0x00007489dc000000, reserved size: 1073741824
[2024-09-17T22:44:30.939+0000][gc,metaspace] Narrow klass base: 0x000074899b000000, Narrow klass shift: 0, Narrow klass range: 0x100000000
[2024-09-17T22:44:31.984+0000][gc,start    ] GC(0) Pause Young (Normal) (G1 Evacuation Pause)
[2024-09-17T22:44:31.988+0000][gc,task     ] GC(0) Using 2 workers of 2 for evacuation
[2024-09-17T22:44:32.002+0000][gc,phases   ] GC(0)   Pre Evacuate Collection Set: 0.1ms
[2024-09-17T22:44:32.003+0000][gc,phases   ] GC(0)   Merge Heap Roots: 0.1ms
[2024-09-17T22:44:32.003+0000][gc,phases   ] GC(0)   Evacuate Collection Set: 13.9ms
[2024-09-17T22:44:32.003+0000][gc,phases   ] GC(0)   Post Evacuate Collection Set: 0.3ms
[2024-09-17T22:44:32.003+0000][gc,phases   ] GC(0)   Other: 3.5ms
[2024-09-17T22:44:32.003+0000][gc,heap     ] GC(0) Eden regions: 25->0(21)
[2024-09-17T22:44:32.003+0000][gc,heap     ] GC(0) Survivor regions: 0->4(4)
[2024-09-17T22:44:32.003+0000][gc,heap     ] GC(0) Old regions: 2->7
[2024-09-17T22:44:32.003+0000][gc,heap     ] GC(0) Humongous regions: 0->0
[2024-09-17T22:44:32.003+0000][gc,metaspace] GC(0) Metaspace: 8287K(8512K)->8287K(8512K) NonClass: 7421K(7552K)->7421K(7552K) Class: 865K(960K)->865K(960K)
[2024-09-17T22:44:32.003+0000][gc          ] GC(0) Pause Young (Normal) (G1 Evacuation Pause) 26M->9M(512M) 18.307ms
[2024-09-17T22:44:32.003+0000][gc,cpu      ] GC(0) User=0.01s Sys=0.01s Real=0.01s
